Excluding speakers of speaker_holdout_test: ['F03', 'FC01', 'FC02', 'M04', 'M05']; train 8032->4156, val 1004->529; remaining train speakers: ['F01', 'F04', 'FC03', 'M01', 'M02', 'M03']
train=1200 val=150 device=cuda batch_size=4 num_epochs=2
trainable params: 884,736 || all params: 242,619,648 || trainable%: 0.3647
  epoch 0 step 1 loss 7.3085
  epoch 0 step 10 loss 6.3070
  epoch 0 step 20 loss 10.5797
  epoch 0 step 30 loss 8.2990
  epoch 0 step 40 loss 5.5923
  epoch 0 step 50 loss 4.8770
  epoch 0 step 60 loss 3.4886
  epoch 0 step 70 loss 2.9780
  epoch 0 step 80 loss 2.3765
  epoch 0 step 90 loss 2.6062
  epoch 0 step 100 loss 2.6123
  epoch 0 step 110 loss 2.7340
  epoch 0 step 120 loss 2.1248
  epoch 0 step 130 loss 2.1957
  epoch 0 step 140 loss 1.4802
  epoch 0 step 150 loss 1.1272
  epoch 0 step 160 loss 1.7589
  epoch 0 step 170 loss 3.0108
  epoch 0 step 180 loss 1.3798
  epoch 0 step 190 loss 2.0357
  epoch 0 step 200 loss 1.6127
  checkpointed to checkpoints\generic_unseen\last at step 200
  epoch 0 step 210 loss 1.3864
  epoch 0 step 220 loss 1.8106
  epoch 0 step 230 loss 1.7504
  epoch 0 step 240 loss 1.7704
  epoch 0 step 250 loss 1.6962
  epoch 0 step 260 loss 2.1679
  epoch 0 step 270 loss 1.6990
  epoch 0 step 280 loss 1.7659
  epoch 0 step 290 loss 1.7278
  epoch 0 step 300 loss 1.1380
[epoch 0] train_loss=2.9335 val_loss=1.4119 (354.4s)
  new best val_loss=1.4119, saved to checkpoints\generic_unseen\best
  epoch 1 step 301 loss 1.9241
  epoch 1 step 310 loss 1.5114
  epoch 1 step 320 loss 1.5026
  epoch 1 step 330 loss 1.3919
  epoch 1 step 340 loss 1.4133
  epoch 1 step 350 loss 1.2384
  epoch 1 step 360 loss 1.4433
  epoch 1 step 370 loss 1.2000
  epoch 1 step 380 loss 0.9354
  epoch 1 step 390 loss 0.8947
  epoch 1 step 400 loss 0.8576
  checkpointed to checkpoints\generic_unseen\last at step 400
  epoch 1 step 410 loss 0.7362
  epoch 1 step 420 loss 0.8832
  epoch 1 step 430 loss 0.7941
  epoch 1 step 440 loss 1.0823
  epoch 1 step 450 loss 0.6155
  epoch 1 step 460 loss 0.4817
  epoch 1 step 470 loss 0.9388
  epoch 1 step 480 loss 0.5036
  epoch 1 step 490 loss 0.3816
  epoch 1 step 500 loss 0.1663
  epoch 1 step 510 loss 0.5583
  epoch 1 step 520 loss 0.1821
  epoch 1 step 530 loss 0.4451
  epoch 1 step 540 loss 0.2186
  epoch 1 step 550 loss 1.0128
  epoch 1 step 560 loss 0.4618
  epoch 1 step 570 loss 0.3637
  epoch 1 step 580 loss 0.1456
  epoch 1 step 590 loss 0.5425
  epoch 1 step 600 loss 0.1172
  checkpointed to checkpoints\generic_unseen\last at step 600
[epoch 1] train_loss=0.7515 val_loss=0.3850 (358.4s)
  new best val_loss=0.3850, saved to checkpoints\generic_unseen\best
Training complete. Best val_loss=0.3850. Adapters at checkpoints\generic_unseen
