train=3213 val=1004 device=cuda batch_size=8 num_epochs=45
trainable params: 884,736 || all params: 242,619,648 || trainable%: 0.3647
  epoch 0 step 1 loss 9.7469
  epoch 0 step 10 loss 8.1580
  epoch 0 step 20 loss 10.2092
  epoch 0 step 30 loss 7.2848
  epoch 0 step 40 loss 7.1516
  epoch 0 step 50 loss 6.8165
  epoch 0 step 60 loss 7.0602
  epoch 0 step 70 loss 5.6426
  epoch 0 step 80 loss 6.0233
  epoch 0 step 90 loss 5.6438
  epoch 0 step 100 loss 3.9439
  epoch 0 step 110 loss 3.5410
  epoch 0 step 120 loss 3.5836
  epoch 0 step 130 loss 3.4500
  epoch 0 step 140 loss 2.9699
  epoch 0 step 150 loss 2.9082
  epoch 0 step 160 loss 1.5385
  epoch 0 step 170 loss 2.1308
  epoch 0 step 180 loss 2.1177
  epoch 0 step 190 loss 2.4481
  epoch 0 step 200 loss 1.9154
  epoch 0 step 210 loss 1.5983
  epoch 0 step 220 loss 1.6709
  epoch 0 step 230 loss 2.0510
  epoch 0 step 240 loss 1.9785
  epoch 0 step 250 loss 1.5930
  epoch 0 step 260 loss 1.2704
  epoch 0 step 270 loss 1.4571
  epoch 0 step 280 loss 1.6645
  epoch 0 step 290 loss 1.4028
  epoch 0 step 300 loss 1.3155
  epoch 0 step 310 loss 1.3977
  epoch 0 step 320 loss 1.3403
  epoch 0 step 330 loss 1.2070
  epoch 0 step 340 loss 0.9483
  epoch 0 step 350 loss 0.5141
  epoch 0 step 360 loss 0.3275
  epoch 0 step 370 loss 0.2063
  epoch 0 step 380 loss 0.2702
  epoch 0 step 390 loss 0.2973
  epoch 0 step 400 loss 0.2981
[epoch 0] train_loss=2.9950 val_loss=0.3455 val_wer=0.2545 (2331.0s)
  new best wer (val_loss=0.3455, val_wer=0.2545), saved to checkpoints\generic_full\best
  epoch 1 step 403 loss 0.2417
  epoch 1 step 410 loss 0.4737
  epoch 1 step 420 loss 0.0574
  epoch 1 step 430 loss 0.3450
  epoch 1 step 440 loss 0.6396
  epoch 1 step 450 loss 0.6099
  epoch 1 step 460 loss 0.0252
  epoch 1 step 470 loss 0.4004
  epoch 1 step 480 loss 0.0652
  epoch 1 step 490 loss 0.1674
  epoch 1 step 500 loss 0.1807
  checkpointed to checkpoints\generic_full\last at step 500
  epoch 1 step 510 loss 0.1821
  epoch 1 step 520 loss 0.1699
  epoch 1 step 530 loss 0.2661
  epoch 1 step 540 loss 0.1767
  epoch 1 step 550 loss 0.1075
  epoch 1 step 560 loss 0.1239
  epoch 1 step 570 loss 0.1822
  epoch 1 step 580 loss 0.3085
  epoch 1 step 590 loss 0.5527
  epoch 1 step 600 loss 0.1202
  epoch 1 step 610 loss 0.5762
  epoch 1 step 620 loss 0.3393
  epoch 1 step 630 loss 0.2457
  epoch 1 step 640 loss 0.2616
  epoch 1 step 650 loss 0.1296
  epoch 1 step 660 loss 0.6200
  epoch 1 step 670 loss 0.2386
  epoch 1 step 680 loss 0.2063
  epoch 1 step 690 loss 0.0913
  epoch 1 step 700 loss 0.1360
  epoch 1 step 710 loss 0.0856
  epoch 1 step 720 loss 0.0984
  epoch 1 step 730 loss 0.5041
  epoch 1 step 740 loss 0.6509
  epoch 1 step 750 loss 0.7093
  epoch 1 step 760 loss 0.1681
  epoch 1 step 770 loss 0.1353
  epoch 1 step 780 loss 0.2593
  epoch 1 step 790 loss 0.3839
  epoch 1 step 800 loss 0.0596
[epoch 1] train_loss=0.2759 val_loss=0.2659 val_wer=0.2129 (2337.3s)
  new best wer (val_loss=0.2659, val_wer=0.2129), saved to checkpoints\generic_full\best
  epoch 2 step 805 loss 0.3508
  epoch 2 step 810 loss 0.2208
  epoch 2 step 820 loss 0.1669
  epoch 2 step 830 loss 0.2434
  epoch 2 step 840 loss 0.0414
  epoch 2 step 850 loss 0.2763
  epoch 2 step 860 loss 0.0667
  epoch 2 step 870 loss 0.1566
  epoch 2 step 880 loss 0.1510
  epoch 2 step 890 loss 0.4800
  epoch 2 step 900 loss 0.2524
  epoch 2 step 910 loss 0.2006
  epoch 2 step 920 loss 0.1101
  epoch 2 step 930 loss 0.0390
  epoch 2 step 940 loss 0.2119
  epoch 2 step 950 loss 0.5377
  epoch 2 step 960 loss 0.1982
  epoch 2 step 970 loss 0.3163
  epoch 2 step 980 loss 0.1309
  epoch 2 step 990 loss 0.2485
  epoch 2 step 1000 loss 0.1027
  checkpointed to checkpoints\generic_full\last at step 1000
  epoch 2 step 1010 loss 0.3364
  epoch 2 step 1020 loss 0.2099
  epoch 2 step 1030 loss 0.0767
  epoch 2 step 1040 loss 0.1669
  epoch 2 step 1050 loss 0.2461
  epoch 2 step 1060 loss 0.0634
  epoch 2 step 1070 loss 0.2402
  epoch 2 step 1080 loss 0.2474
  epoch 2 step 1090 loss 0.0948
  epoch 2 step 1100 loss 0.2056
  epoch 2 step 1110 loss 0.0693
  epoch 2 step 1120 loss 0.3829
  epoch 2 step 1130 loss 0.0903
  epoch 2 step 1140 loss 0.0991
  epoch 2 step 1150 loss 0.2717
  epoch 2 step 1160 loss 0.2259
  epoch 2 step 1170 loss 0.2553
  epoch 2 step 1180 loss 0.0805
  epoch 2 step 1190 loss 0.1808
  epoch 2 step 1200 loss 0.1352
[epoch 2] train_loss=0.1976 val_loss=0.2443 val_wer=0.1972 (2388.5s)
  new best wer (val_loss=0.2443, val_wer=0.1972), saved to checkpoints\generic_full\best
  epoch 3 step 1207 loss 0.2832
  epoch 3 step 1210 loss 0.0761
