train=1200 val=150 device=cuda batch_size=4 num_epochs=2
trainable params: 884,736 || all params: 242,619,648 || trainable%: 0.3647
Resumed from checkpoints\generic\last: epoch=0 global_step=200
  epoch 0 step 201 loss 1.3568
  epoch 0 step 210 loss 1.3840
  epoch 0 step 220 loss 1.8922
  epoch 0 step 230 loss 1.0055
  epoch 0 step 240 loss 1.2325
  epoch 0 step 250 loss 1.6407
  epoch 0 step 260 loss 1.2763
  epoch 0 step 270 loss 1.5427
  epoch 0 step 280 loss 1.7575
  epoch 0 step 290 loss 1.6162
  epoch 0 step 300 loss 1.4960
  epoch 0 step 310 loss 1.3243
  epoch 0 step 320 loss 1.0836
  epoch 0 step 330 loss 1.4919
  epoch 0 step 340 loss 1.2585
  epoch 0 step 350 loss 1.0054
  epoch 0 step 360 loss 1.0388
  epoch 0 step 370 loss 0.6814
  epoch 0 step 380 loss 1.1818
  epoch 0 step 390 loss 1.7512
  epoch 0 step 400 loss 0.8581
  checkpointed to checkpoints\generic\last at step 400
  epoch 0 step 410 loss 1.4602
  epoch 0 step 420 loss 0.8624
  epoch 0 step 430 loss 0.7754
  epoch 0 step 440 loss 1.0671
  epoch 0 step 450 loss 0.5649
  epoch 0 step 460 loss 0.3552
  epoch 0 step 470 loss 1.0804
  epoch 0 step 480 loss 0.8122
  epoch 0 step 490 loss 0.2744
  epoch 0 step 500 loss 0.2170
[epoch 0] train_loss=1.1645 val_loss=0.4721 (356.4s)
  new best val_loss=0.4721, saved to checkpoints\generic\best
  epoch 1 step 501 loss 0.8361
  epoch 1 step 510 loss 0.2049
  epoch 1 step 520 loss 0.4712
  epoch 1 step 530 loss 0.3349
  epoch 1 step 540 loss 0.1879
  epoch 1 step 550 loss 0.0920
  epoch 1 step 560 loss 0.5367
  epoch 1 step 570 loss 0.3129
  epoch 1 step 580 loss 0.4517
  epoch 1 step 590 loss 0.3244
  epoch 1 step 600 loss 0.7616
  checkpointed to checkpoints\generic\last at step 600
  epoch 1 step 610 loss 0.1793
  epoch 1 step 620 loss 0.5552
  epoch 1 step 630 loss 0.2599
  epoch 1 step 640 loss 0.3265
  epoch 1 step 650 loss 0.0477
  epoch 1 step 660 loss 0.4844
  epoch 1 step 670 loss 0.1995
  epoch 1 step 680 loss 0.3372
  epoch 1 step 690 loss 0.3086
  epoch 1 step 700 loss 0.1856
  epoch 1 step 710 loss 0.2189
  epoch 1 step 720 loss 0.1514
  epoch 1 step 730 loss 0.4218
  epoch 1 step 740 loss 0.7518
  epoch 1 step 750 loss 0.6641
  epoch 1 step 760 loss 0.2954
  epoch 1 step 770 loss 0.3358
  epoch 1 step 780 loss 0.2578
  epoch 1 step 790 loss 0.1814
  epoch 1 step 800 loss 0.0671
  checkpointed to checkpoints\generic\last at step 800
[epoch 1] train_loss=0.3361 val_loss=0.4112 (394.2s)
  new best val_loss=0.4112, saved to checkpoints\generic\best
Training complete. Best val_loss=0.4112. Adapters at checkpoints\generic
