train=3213 val=1004 device=cuda batch_size=8 num_epochs=45
trainable params: 884,736 || all params: 242,619,648 || trainable%: 0.3647
Resumed from checkpoints\generic_full\last: epoch=3 global_step=1206 best_val_loss=0.2443 best_val_wer=0.1972 best_epoch=2 epochs_since_improvement=0 prior_wall_clock=7056.8s
  epoch 3 step 1207 loss 0.2511
  epoch 3 step 1210 loss 0.3520
  epoch 3 step 1220 loss 0.0717
  epoch 3 step 1230 loss 0.0906
  epoch 3 step 1240 loss 0.0998
  epoch 3 step 1250 loss 0.2193
  epoch 3 step 1260 loss 0.2188
  epoch 3 step 1270 loss 0.0400
  epoch 3 step 1280 loss 0.0706
  epoch 3 step 1290 loss 0.0485
  epoch 3 step 1300 loss 0.4951
  epoch 3 step 1310 loss 0.1551
  epoch 3 step 1320 loss 0.1340
  epoch 3 step 1330 loss 0.3096
  epoch 3 step 1340 loss 0.0835
  epoch 3 step 1350 loss 0.2711
  epoch 3 step 1360 loss 0.1458
  epoch 3 step 1370 loss 0.2022
  epoch 3 step 1380 loss 0.2645
  epoch 3 step 1390 loss 0.0334
  epoch 3 step 1400 loss 0.2052
  epoch 3 step 1410 loss 0.1360
  epoch 3 step 1420 loss 0.0785
  epoch 3 step 1430 loss 0.1358
  epoch 3 step 1440 loss 0.0623
  epoch 3 step 1450 loss 0.0261
  epoch 3 step 1460 loss 0.1703
  epoch 3 step 1470 loss 0.0430
  epoch 3 step 1480 loss 0.1562
  epoch 3 step 1490 loss 0.2576
  epoch 3 step 1500 loss 0.1911
  checkpointed to checkpoints\generic_full\last at step 1500
  epoch 3 step 1510 loss 0.0653
  epoch 3 step 1520 loss 0.1247
  epoch 3 step 1530 loss 0.1818
  epoch 3 step 1540 loss 0.3400
  epoch 3 step 1550 loss 0.1649
  epoch 3 step 1560 loss 0.0266
  epoch 3 step 1570 loss 0.1617
  epoch 3 step 1580 loss 0.2707
  epoch 3 step 1590 loss 0.1196
  epoch 3 step 1600 loss 0.0233
[epoch 3] train_loss=0.1477 val_loss=0.2169 val_wer=0.1837 (1861.3s)
  new best wer (val_loss=0.2169, val_wer=0.1837), saved to checkpoints\generic_full\best
  epoch 4 step 1609 loss 0.1446
  epoch 4 step 1610 loss 0.0338
  epoch 4 step 1620 loss 0.1650
  epoch 4 step 1630 loss 0.0353
  epoch 4 step 1640 loss 0.0601
  epoch 4 step 1650 loss 0.0231
  epoch 4 step 1660 loss 0.1211
  epoch 4 step 1670 loss 0.0748
  epoch 4 step 1680 loss 0.0661
  epoch 4 step 1690 loss 0.0722
  epoch 4 step 1700 loss 0.1742
  epoch 4 step 1710 loss 0.2683
  epoch 4 step 1720 loss 0.0676
  epoch 4 step 1730 loss 0.0248
  epoch 4 step 1740 loss 0.0311
  epoch 4 step 1750 loss 0.2068
  epoch 4 step 1760 loss 0.1100
  epoch 4 step 1770 loss 0.3990
  epoch 4 step 1780 loss 0.0715
  epoch 4 step 1790 loss 0.1583
  epoch 4 step 1800 loss 0.1052
  epoch 4 step 1810 loss 0.4057
  epoch 4 step 1820 loss 0.0599
  epoch 4 step 1830 loss 0.0871
  epoch 4 step 1840 loss 0.0539
  epoch 4 step 1850 loss 0.0969
  epoch 4 step 1860 loss 0.2613
  epoch 4 step 1870 loss 0.1412
  epoch 4 step 1880 loss 0.0914
  epoch 4 step 1890 loss 0.0480
  epoch 4 step 1900 loss 0.0297
  epoch 4 step 1910 loss 0.1071
  epoch 4 step 1920 loss 0.0601
  epoch 4 step 1930 loss 0.0134
  epoch 4 step 1940 loss 0.0912
  epoch 4 step 1950 loss 0.1401
  epoch 4 step 1960 loss 0.0551
  epoch 4 step 1970 loss 0.1020
  epoch 4 step 1980 loss 0.1560
  epoch 4 step 1990 loss 0.0642
  epoch 4 step 2000 loss 0.0621
  checkpointed to checkpoints\generic_full\last at step 2000
  epoch 4 step 2010 loss 0.0717
[epoch 4] train_loss=0.1094 val_loss=0.2041 val_wer=0.1807 (1985.1s)
  new best wer (val_loss=0.2041, val_wer=0.1807), saved to checkpoints\generic_full\best
  epoch 5 step 2011 loss 0.0984
  epoch 5 step 2020 loss 0.0367
  epoch 5 step 2030 loss 0.0198
  epoch 5 step 2040 loss 0.0126
  epoch 5 step 2050 loss 0.1222
  epoch 5 step 2060 loss 0.1143
  epoch 5 step 2070 loss 0.0595
  epoch 5 step 2080 loss 0.0555
  epoch 5 step 2090 loss 0.1789
  epoch 5 step 2100 loss 0.0278
  epoch 5 step 2110 loss 0.0220
  epoch 5 step 2120 loss 0.1038
  epoch 5 step 2130 loss 0.0984
  epoch 5 step 2140 loss 0.1696
  epoch 5 step 2150 loss 0.0210
  epoch 5 step 2160 loss 0.0769
  epoch 5 step 2170 loss 0.0729
  epoch 5 step 2180 loss 0.0816
  epoch 5 step 2190 loss 0.0201
  epoch 5 step 2200 loss 0.0700
  epoch 5 step 2210 loss 0.0975
  epoch 5 step 2220 loss 0.0212
  epoch 5 step 2230 loss 0.0063
  epoch 5 step 2240 loss 0.0955
  epoch 5 step 2250 loss 0.2063
  epoch 5 step 2260 loss 0.0304
  epoch 5 step 2270 loss 0.0834
  epoch 5 step 2280 loss 0.0583
  epoch 5 step 2290 loss 0.2010
  epoch 5 step 2300 loss 0.0102
  epoch 5 step 2310 loss 0.0063
  epoch 5 step 2320 loss 0.0181
  epoch 5 step 2330 loss 0.0598
  epoch 5 step 2340 loss 0.0801
  epoch 5 step 2350 loss 0.0254
  epoch 5 step 2360 loss 0.0265
  epoch 5 step 2370 loss 0.0409
  epoch 5 step 2380 loss 0.0625
  epoch 5 step 2390 loss 0.0965
  epoch 5 step 2400 loss 0.0160
  epoch 5 step 2410 loss 0.0084
[epoch 5] train_loss=0.0809 val_loss=0.2064 val_wer=0.1979 (2051.1s)
  no improvement in wer for 1 epoch(s)
  epoch 6 step 2413 loss 0.0597
  epoch 6 step 2420 loss 0.0853
  epoch 6 step 2430 loss 0.0176
  epoch 6 step 2440 loss 0.0405
  epoch 6 step 2450 loss 0.0078
  epoch 6 step 2460 loss 0.0679
  epoch 6 step 2470 loss 0.0224
  epoch 6 step 2480 loss 0.0321
  epoch 6 step 2490 loss 0.0289
  epoch 6 step 2500 loss 0.0166
  checkpointed to checkpoints\generic_full\last at step 2500
  epoch 6 step 2510 loss 0.0365
  epoch 6 step 2520 loss 0.0786
  epoch 6 step 2530 loss 0.0400
  epoch 6 step 2540 loss 0.0401
  epoch 6 step 2550 loss 0.0138
  epoch 6 step 2560 loss 0.0376
  epoch 6 step 2570 loss 0.0869
  epoch 6 step 2580 loss 0.1433
  epoch 6 step 2590 loss 0.0609
  epoch 6 step 2600 loss 0.0847
  epoch 6 step 2610 loss 0.0294
  epoch 6 step 2620 loss 0.1030
  epoch 6 step 2630 loss 0.0120
  epoch 6 step 2640 loss 0.0787
  epoch 6 step 2650 loss 0.1259
  epoch 6 step 2660 loss 0.0599
  epoch 6 step 2670 loss 0.0776
  epoch 6 step 2680 loss 0.0698
  epoch 6 step 2690 loss 0.1596
  epoch 6 step 2700 loss 0.0170
  epoch 6 step 2710 loss 0.0793
  epoch 6 step 2720 loss 0.0291
  epoch 6 step 2730 loss 0.0998
  epoch 6 step 2740 loss 0.0360
  epoch 6 step 2750 loss 0.0171
  epoch 6 step 2760 loss 0.0285
  epoch 6 step 2770 loss 0.0176
  epoch 6 step 2780 loss 0.0467
  epoch 6 step 2790 loss 0.0577
  epoch 6 step 2800 loss 0.0839
  epoch 6 step 2810 loss 0.0262
[epoch 6] train_loss=0.0608 val_loss=0.1957 val_wer=0.1630 (2044.5s)
  new best wer (val_loss=0.1957, val_wer=0.1630), saved to checkpoints\generic_full\best
